适用于 .NET Framework MSBuild 版本 18.7.8+1ac568fee

  BattleSystem.cpp
  DamageSystem.cpp
  GameManager.cpp
  main.cpp
  Character.cpp
  Map.cpp
  Monster.cpp
  Skill.cpp
  Item.cpp
  Inventory.cpp
  SaveLoadManager.cpp
  Shop.cpp
  TestManager.cpp
  UIManager.cpp
  正在生成代码...
  RPG_Project.vcxproj -> C:\Users\26803\source\repos\hmy-AI-bite\RPG_Project\RPG_Project\x64\Debug\RPG_Project.exe
