适用于 .NET Framework MSBuild 版本 18.7.8+1ac568fee
生成启动时间为 2026/6/18 22:26:03。

项目“C:\Users\26803\source\repos\hmy-AI-bite\RPG_Project\RPG_Project.slnx”在节点 1 上(Build 个目标)。
ValidateSolutionConfiguration:
  正在生成解决方案配置“Debug|x64”。
项目“C:\Users\26803\source\repos\hmy-AI-bite\RPG_Project\RPG_Project.slnx”(1)正在节点 1 上生成“C:\Users\26803\source\repos\hmy-AI-bite\RPG_Project\RPG_Project\RPG_Project.vcxproj”(2) (默认目标)。
PrepareForBuild:
  已启用结构化输出。编译器诊断的格式设置将反映错误层次结构。有关详细信息，请参阅 https://aka.ms/cpp/structured-output。
InitializeBuildStatus:
  正在对“x64\Debug\RPG_Project.tlog\unsuccessfulbuild”执行 Touch 任务。
ComputeStdModulesCompileInputs:
  正在读取为库 'microsoft/STL'提供数据的库清单文件 'C:\Program Files\Microsoft Visual Studio\18\Community\VC\Tools\MSVC\14.51.36231\modules\modules.json'。
  正在从库“microsoft/STL”添加模块源“C:\Program Files\Microsoft Visual Studio\18\Community\VC\Tools\MSVC\14.51.36231\modules\std.ixx”，以使用此项目生成。
  正在从库“microsoft/STL”添加模块源“C:\Program Files\Microsoft Visual Studio\18\Community\VC\Tools\MSVC\14.51.36231\modules\std.compat.ixx”，以使用此项目生成。
ClCompile:
  C:\Program Files\Microsoft Visual Studio\18\Community\VC\Tools\MSVC\14.51.36231\bin\HostX86\x64\CL.exe /c /ZI /JMC /nologo /W3 /WX- /diagnostics:column /sdl /Od /D _DEBUG /D _CONSOLE /D _UNICODE /D UNICODE /Gm- /EHsc /RTC1 /MDd /GS /fp:precise /Zc:wchar_t /Zc:forScope /Zc:inline /std:c++20 /permissive- /Fo"x64\Debug\\" /Fd"x64\Debug\vc145.pdb" /external:W3 /Gd /TP /FC /errorReport:queue /utf-8 BattleSystem.cpp GameManager.cpp main.cpp Monster.cpp TestManager.cpp
  BattleSystem.cpp
  GameManager.cpp
C:\Users\26803\source\repos\hmy-AI-bite\RPG_Project\RPG_Project\BattleSystem.cpp(229,42): error C2065: “FireLizard”: 未声明的标识符 [C:\Users\26803\source\repos\hmy-AI-bite\RPG_Project\RPG_Project\RPG_Project.vcxproj]
C:\Users\26803\source\repos\hmy-AI-bite\RPG_Project\RPG_Project\BattleSystem.cpp(229,30): error C2672: “std::make_shared”: 未找到匹配的重载函数 [C:\Users\26803\source\repos\hmy-AI-bite\RPG_Project\RPG_Project\RPG_Project.vcxproj]
      C:\Program Files\Microsoft Visual Studio\18\Community\VC\Tools\MSVC\14.51.36231\include\memory(2999,44):
      可能是“std::shared_ptr<_Ty> std::make_shared(const remove_extent<_Ty>::type &)”
          C:\Users\26803\source\repos\hmy-AI-bite\RPG_Project\RPG_Project\BattleSystem.cpp(229,42):
          “std::make_shared”:“_Ty”的 模板 参数无效，应为类型
      C:\Program Files\Microsoft Visual Studio\18\Community\VC\Tools\MSVC\14.51.36231\include\memory(2990,44):
      或    “std::shared_ptr<_Ty> std::make_shared(void)”
          C:\Users\26803\source\repos\hmy-AI-bite\RPG_Project\RPG_Project\BattleSystem.cpp(229,42):
          “std::make_shared”:“_Ty”的 模板 参数无效，应为类型
      C:\Program Files\Microsoft Visual Studio\18\Community\VC\Tools\MSVC\14.51.36231\include\memory(2985,44):
      或    “std::shared_ptr<_Ty> std::make_shared(const size_t,const remove_extent<_Ty>::type &)”
          C:\Users\26803\source\repos\hmy-AI-bite\RPG_Project\RPG_Project\BattleSystem.cpp(229,42):
          “std::make_shared”:“_Ty”的 模板 参数无效，应为类型
      C:\Program Files\Microsoft Visual Studio\18\Community\VC\Tools\MSVC\14.51.36231\include\memory(2980,44):
      或    “std::shared_ptr<_Ty> std::make_shared(const size_t)”
          C:\Users\26803\source\repos\hmy-AI-bite\RPG_Project\RPG_Project\BattleSystem.cpp(229,42):
          “std::make_shared”:“_Ty”的 模板 参数无效，应为类型
      C:\Program Files\Microsoft Visual Studio\18\Community\VC\Tools\MSVC\14.51.36231\include\memory(2943,44):
      或    “std::shared_ptr<_Ty> std::make_shared(_Types ...)”
          C:\Users\26803\source\repos\hmy-AI-bite\RPG_Project\RPG_Project\BattleSystem.cpp(229,42):
          “std::make_shared”:“_Ty”的 模板 参数无效，应为类型
  
C:\Users\26803\source\repos\hmy-AI-bite\RPG_Project\RPG_Project\BattleSystem.cpp(230,42): error C2065: “WindSprite”: 未声明的标识符 [C:\Users\26803\source\repos\hmy-AI-bite\RPG_Project\RPG_Project\RPG_Project.vcxproj]
C:\Users\26803\source\repos\hmy-AI-bite\RPG_Project\RPG_Project\BattleSystem.cpp(230,30): error C2672: “std::make_shared”: 未找到匹配的重载函数 [C:\Users\26803\source\repos\hmy-AI-bite\RPG_Project\RPG_Project\RPG_Project.vcxproj]
      C:\Program Files\Microsoft Visual Studio\18\Community\VC\Tools\MSVC\14.51.36231\include\memory(2999,44):
      可能是“std::shared_ptr<_Ty> std::make_shared(const remove_extent<_Ty>::type &)”
          C:\Users\26803\source\repos\hmy-AI-bite\RPG_Project\RPG_Project\BattleSystem.cpp(230,42):
          “std::make_shared”:“_Ty”的 模板 参数无效，应为类型
      C:\Program Files\Microsoft Visual Studio\18\Community\VC\Tools\MSVC\14.51.36231\include\memory(2990,44):
      或    “std::shared_ptr<_Ty> std::make_shared(void)”
          C:\Users\26803\source\repos\hmy-AI-bite\RPG_Project\RPG_Project\BattleSystem.cpp(230,42):
          “std::make_shared”:“_Ty”的 模板 参数无效，应为类型
      C:\Program Files\Microsoft Visual Studio\18\Community\VC\Tools\MSVC\14.51.36231\include\memory(2985,44):
      或    “std::shared_ptr<_Ty> std::make_shared(const size_t,const remove_extent<_Ty>::type &)”
          C:\Users\26803\source\repos\hmy-AI-bite\RPG_Project\RPG_Project\BattleSystem.cpp(230,42):
          “std::make_shared”:“_Ty”的 模板 参数无效，应为类型
      C:\Program Files\Microsoft Visual Studio\18\Community\VC\Tools\MSVC\14.51.36231\include\memory(2980,44):
      或    “std::shared_ptr<_Ty> std::make_shared(const size_t)”
          C:\Users\26803\source\repos\hmy-AI-bite\RPG_Project\RPG_Project\BattleSystem.cpp(230,42):
          “std::make_shared”:“_Ty”的 模板 参数无效，应为类型
      C:\Program Files\Microsoft Visual Studio\18\Community\VC\Tools\MSVC\14.51.36231\include\memory(2943,44):
      或    “std::shared_ptr<_Ty> std::make_shared(_Types ...)”
          C:\Users\26803\source\repos\hmy-AI-bite\RPG_Project\RPG_Project\BattleSystem.cpp(230,42):
          “std::make_shared”:“_Ty”的 模板 参数无效，应为类型
  
C:\Users\26803\source\repos\hmy-AI-bite\RPG_Project\RPG_Project\GameManager.cpp(1197,47): error C2664: “void Inventory::AddItem(std::unique_ptr<Item,std::default_delete<Item>>)”: 无法将参数 1 从“Item *”转换为“std::unique_ptr<Item,std::default_delete<Item>>” [C:\Users\26803\source\repos\hmy-AI-bite\RPG_Project\RPG_Project\RPG_Project.vcxproj]
      C:\Users\26803\source\repos\hmy-AI-bite\RPG_Project\RPG_Project\GameManager.cpp(1197,55):
      class“std::unique_ptr<Item,std::default_delete<Item>>”的构造函数声明为“explicit”
      C:\Users\26803\source\repos\hmy-AI-bite\RPG_Project\RPG_Project\Inventory.h(52,10):
      参见“Inventory::AddItem”的声明
      C:\Users\26803\source\repos\hmy-AI-bite\RPG_Project\RPG_Project\GameManager.cpp(1197,47):
      尝试匹配参数列表“(Item *)”时
  
  main.cpp
C:\Users\26803\source\repos\hmy-AI-bite\RPG_Project\RPG_Project\main.cpp(18,17): error C2039: "ShowTitleScreen": 不是 "GameManager" 的成员 [C:\Users\26803\source\repos\hmy-AI-bite\RPG_Project\RPG_Project\RPG_Project.vcxproj]
      C:\Users\26803\source\repos\hmy-AI-bite\RPG_Project\RPG_Project\GameManager.h(10,7):
      参见“GameManager”的声明
  
  Monster.cpp
C:\Users\26803\source\repos\hmy-AI-bite\RPG_Project\RPG_Project\Monster.cpp(80,15): error C2665: “std::vector<Item *,std::allocator<Item *>>::push_back”: 没有重载函数可以转换所有参数类型 [C:\Users\26803\source\repos\hmy-AI-bite\RPG_Project\RPG_Project\RPG_Project.vcxproj]
      C:\Program Files\Microsoft Visual Studio\18\Community\VC\Tools\MSVC\14.51.36231\include\vector(939,23):
      可能是“void std::vector<Item *,std::allocator<Item *>>::push_back(_Ty &&)”
          with
          [
              _Ty=Item *
          ]
          C:\Users\26803\source\repos\hmy-AI-bite\RPG_Project\RPG_Project\Monster.cpp(80,15):
          “void std::vector<Item *,std::allocator<Item *>>::push_back(_Ty &&)”: 无法将参数 1 从“std::unique_ptr<Potion,std::default_delete<Potion>>”转换为“_Ty &&”
          with
          [
              _Ty=Item *
          ]
              C:\Users\26803\source\repos\hmy-AI-bite\RPG_Project\RPG_Project\Monster.cpp(80,56):
              原因如下: 无法从“std::unique_ptr<Potion,std::default_delete<Potion>>”转换为“_Ty”
          with
          [
              _Ty=Item *
          ]
              C:\Users\26803\source\repos\hmy-AI-bite\RPG_Project\RPG_Project\Monster.cpp(80,56):
              没有可用于执行该转换的用户定义的转换运算符，或者无法调用该运算符
      C:\Program Files\Microsoft Visual Studio\18\Community\VC\Tools\MSVC\14.51.36231\include\vector(935,23):
      或    “void std::vector<Item *,std::allocator<Item *>>::push_back(const _Ty &)”
          with
          [
              _Ty=Item *
          ]
          C:\Users\26803\source\repos\hmy-AI-bite\RPG_Project\RPG_Project\Monster.cpp(80,15):
          “void std::vector<Item *,std::allocator<Item *>>::push_back(const _Ty &)”: 无法将参数 1 从“std::unique_ptr<Potion,std::default_delete<Potion>>”转换为“const _Ty &”
          with
          [
              _Ty=Item *
          ]
              C:\Users\26803\source\repos\hmy-AI-bite\RPG_Project\RPG_Project\Monster.cpp(80,56):
              原因如下: 无法从“std::unique_ptr<Potion,std::default_delete<Potion>>”转换为“const _Ty”
          with
          [
              _Ty=Item *
          ]
              C:\Users\26803\source\repos\hmy-AI-bite\RPG_Project\RPG_Project\Monster.cpp(80,56):
              没有可用于执行该转换的用户定义的转换运算符，或者无法调用该运算符
      C:\Users\26803\source\repos\hmy-AI-bite\RPG_Project\RPG_Project\Monster.cpp(80,15):
      尝试匹配参数列表“(std::unique_ptr<Potion,std::default_delete<Potion>>)”时
  
C:\Users\26803\source\repos\hmy-AI-bite\RPG_Project\RPG_Project\Monster.cpp(124,15): error C2665: “std::vector<Item *,std::allocator<Item *>>::push_back”: 没有重载函数可以转换所有参数类型 [C:\Users\26803\source\repos\hmy-AI-bite\RPG_Project\RPG_Project\RPG_Project.vcxproj]
      C:\Program Files\Microsoft Visual Studio\18\Community\VC\Tools\MSVC\14.51.36231\include\vector(939,23):
      可能是“void std::vector<Item *,std::allocator<Item *>>::push_back(_Ty &&)”
          with
          [
              _Ty=Item *
          ]
          C:\Users\26803\source\repos\hmy-AI-bite\RPG_Project\RPG_Project\Monster.cpp(124,15):
          “void std::vector<Item *,std::allocator<Item *>>::push_back(_Ty &&)”: 无法将参数 1 从“std::unique_ptr<Potion,std::default_delete<Potion>>”转换为“_Ty &&”
          with
          [
              _Ty=Item *
          ]
              C:\Users\26803\source\repos\hmy-AI-bite\RPG_Project\RPG_Project\Monster.cpp(124,56):
              原因如下: 无法从“std::unique_ptr<Potion,std::default_delete<Potion>>”转换为“_Ty”
          with
          [
              _Ty=Item *
          ]
              C:\Users\26803\source\repos\hmy-AI-bite\RPG_Project\RPG_Project\Monster.cpp(124,56):
              没有可用于执行该转换的用户定义的转换运算符，或者无法调用该运算符
      C:\Program Files\Microsoft Visual Studio\18\Community\VC\Tools\MSVC\14.51.36231\include\vector(935,23):
      或    “void std::vector<Item *,std::allocator<Item *>>::push_back(const _Ty &)”
          with
          [
              _Ty=Item *
          ]
          C:\Users\26803\source\repos\hmy-AI-bite\RPG_Project\RPG_Project\Monster.cpp(124,15):
          “void std::vector<Item *,std::allocator<Item *>>::push_back(const _Ty &)”: 无法将参数 1 从“std::unique_ptr<Potion,std::default_delete<Potion>>”转换为“const _Ty &”
          with
          [
              _Ty=Item *
          ]
              C:\Users\26803\source\repos\hmy-AI-bite\RPG_Project\RPG_Project\Monster.cpp(124,56):
              原因如下: 无法从“std::unique_ptr<Potion,std::default_delete<Potion>>”转换为“const _Ty”
          with
          [
              _Ty=Item *
          ]
              C:\Users\26803\source\repos\hmy-AI-bite\RPG_Project\RPG_Project\Monster.cpp(124,56):
              没有可用于执行该转换的用户定义的转换运算符，或者无法调用该运算符
      C:\Users\26803\source\repos\hmy-AI-bite\RPG_Project\RPG_Project\Monster.cpp(124,15):
      尝试匹配参数列表“(std::unique_ptr<Potion,std::default_delete<Potion>>)”时
  
C:\Users\26803\source\repos\hmy-AI-bite\RPG_Project\RPG_Project\Monster.cpp(168,15): error C2665: “std::vector<Item *,std::allocator<Item *>>::push_back”: 没有重载函数可以转换所有参数类型 [C:\Users\26803\source\repos\hmy-AI-bite\RPG_Project\RPG_Project\RPG_Project.vcxproj]
      C:\Program Files\Microsoft Visual Studio\18\Community\VC\Tools\MSVC\14.51.36231\include\vector(939,23):
      可能是“void std::vector<Item *,std::allocator<Item *>>::push_back(_Ty &&)”
          with
          [
              _Ty=Item *
          ]
          C:\Users\26803\source\repos\hmy-AI-bite\RPG_Project\RPG_Project\Monster.cpp(168,15):
          “void std::vector<Item *,std::allocator<Item *>>::push_back(_Ty &&)”: 无法将参数 1 从“std::unique_ptr<Potion,std::default_delete<Potion>>”转换为“_Ty &&”
          with
          [
              _Ty=Item *
          ]
              C:\Users\26803\source\repos\hmy-AI-bite\RPG_Project\RPG_Project\Monster.cpp(168,57):
              原因如下: 无法从“std::unique_ptr<Potion,std::default_delete<Potion>>”转换为“_Ty”
          with
          [
              _Ty=Item *
          ]
              C:\Users\26803\source\repos\hmy-AI-bite\RPG_Project\RPG_Project\Monster.cpp(168,57):
              没有可用于执行该转换的用户定义的转换运算符，或者无法调用该运算符
      C:\Program Files\Microsoft Visual Studio\18\Community\VC\Tools\MSVC\14.51.36231\include\vector(935,23):
      或    “void std::vector<Item *,std::allocator<Item *>>::push_back(const _Ty &)”
          with
          [
              _Ty=Item *
          ]
          C:\Users\26803\source\repos\hmy-AI-bite\RPG_Project\RPG_Project\Monster.cpp(168,15):
          “void std::vector<Item *,std::allocator<Item *>>::push_back(const _Ty &)”: 无法将参数 1 从“std::unique_ptr<Potion,std::default_delete<Potion>>”转换为“const _Ty &”
          with
          [
              _Ty=Item *
          ]
              C:\Users\26803\source\repos\hmy-AI-bite\RPG_Project\RPG_Project\Monster.cpp(168,57):
              原因如下: 无法从“std::unique_ptr<Potion,std::default_delete<Potion>>”转换为“const _Ty”
          with
          [
              _Ty=Item *
          ]
              C:\Users\26803\source\repos\hmy-AI-bite\RPG_Project\RPG_Project\Monster.cpp(168,57):
              没有可用于执行该转换的用户定义的转换运算符，或者无法调用该运算符
      C:\Users\26803\source\repos\hmy-AI-bite\RPG_Project\RPG_Project\Monster.cpp(168,15):
      尝试匹配参数列表“(std::unique_ptr<Potion,std::default_delete<Potion>>)”时
  
C:\Users\26803\source\repos\hmy-AI-bite\RPG_Project\RPG_Project\Monster.cpp(170,15): error C2665: “std::vector<Item *,std::allocator<Item *>>::push_back”: 没有重载函数可以转换所有参数类型 [C:\Users\26803\source\repos\hmy-AI-bite\RPG_Project\RPG_Project\RPG_Project.vcxproj]
      C:\Program Files\Microsoft Visual Studio\18\Community\VC\Tools\MSVC\14.51.36231\include\vector(939,23):
      可能是“void std::vector<Item *,std::allocator<Item *>>::push_back(_Ty &&)”
          with
          [
              _Ty=Item *
          ]
          C:\Users\26803\source\repos\hmy-AI-bite\RPG_Project\RPG_Project\Monster.cpp(170,15):
          “void std::vector<Item *,std::allocator<Item *>>::push_back(_Ty &&)”: 无法将参数 1 从“std::unique_ptr<Potion,std::default_delete<Potion>>”转换为“_Ty &&”
          with
          [
              _Ty=Item *
          ]
              C:\Users\26803\source\repos\hmy-AI-bite\RPG_Project\RPG_Project\Monster.cpp(170,53):
              原因如下: 无法从“std::unique_ptr<Potion,std::default_delete<Potion>>”转换为“_Ty”
          with
          [
              _Ty=Item *
          ]
              C:\Users\26803\source\repos\hmy-AI-bite\RPG_Project\RPG_Project\Monster.cpp(170,53):
              没有可用于执行该转换的用户定义的转换运算符，或者无法调用该运算符
      C:\Program Files\Microsoft Visual Studio\18\Community\VC\Tools\MSVC\14.51.36231\include\vector(935,23):
      或    “void std::vector<Item *,std::allocator<Item *>>::push_back(const _Ty &)”
          with
          [
              _Ty=Item *
          ]
          C:\Users\26803\source\repos\hmy-AI-bite\RPG_Project\RPG_Project\Monster.cpp(170,15):
          “void std::vector<Item *,std::allocator<Item *>>::push_back(const _Ty &)”: 无法将参数 1 从“std::unique_ptr<Potion,std::default_delete<Potion>>”转换为“const _Ty &”
          with
          [
              _Ty=Item *
          ]
              C:\Users\26803\source\repos\hmy-AI-bite\RPG_Project\RPG_Project\Monster.cpp(170,53):
              原因如下: 无法从“std::unique_ptr<Potion,std::default_delete<Potion>>”转换为“const _Ty”
          with
          [
              _Ty=Item *
          ]
              C:\Users\26803\source\repos\hmy-AI-bite\RPG_Project\RPG_Project\Monster.cpp(170,53):
              没有可用于执行该转换的用户定义的转换运算符，或者无法调用该运算符
      C:\Users\26803\source\repos\hmy-AI-bite\RPG_Project\RPG_Project\Monster.cpp(170,15):
      尝试匹配参数列表“(std::unique_ptr<Potion,std::default_delete<Potion>>)”时
  
C:\Users\26803\source\repos\hmy-AI-bite\RPG_Project\RPG_Project\Monster.cpp(214,34): error C2665: “std::vector<Item *,std::allocator<Item *>>::push_back”: 没有重载函数可以转换所有参数类型 [C:\Users\26803\source\repos\hmy-AI-bite\RPG_Project\RPG_Project\RPG_Project.vcxproj]
      C:\Program Files\Microsoft Visual Studio\18\Community\VC\Tools\MSVC\14.51.36231\include\vector(939,23):
      可能是“void std::vector<Item *,std::allocator<Item *>>::push_back(_Ty &&)”
          with
          [
              _Ty=Item *
          ]
          C:\Users\26803\source\repos\hmy-AI-bite\RPG_Project\RPG_Project\Monster.cpp(214,34):
          “void std::vector<Item *,std::allocator<Item *>>::push_back(_Ty &&)”: 无法将参数 1 从“std::unique_ptr<Potion,std::default_delete<Potion>>”转换为“_Ty &&”
          with
          [
              _Ty=Item *
          ]
              C:\Users\26803\source\repos\hmy-AI-bite\RPG_Project\RPG_Project\Monster.cpp(214,71):
              原因如下: 无法从“std::unique_ptr<Potion,std::default_delete<Potion>>”转换为“_Ty”
          with
          [
              _Ty=Item *
          ]
              C:\Users\26803\source\repos\hmy-AI-bite\RPG_Project\RPG_Project\Monster.cpp(214,71):
              没有可用于执行该转换的用户定义的转换运算符，或者无法调用该运算符
      C:\Program Files\Microsoft Visual Studio\18\Community\VC\Tools\MSVC\14.51.36231\include\vector(935,23):
      或    “void std::vector<Item *,std::allocator<Item *>>::push_back(const _Ty &)”
          with
          [
              _Ty=Item *
          ]
          C:\Users\26803\source\repos\hmy-AI-bite\RPG_Project\RPG_Project\Monster.cpp(214,34):
          “void std::vector<Item *,std::allocator<Item *>>::push_back(const _Ty &)”: 无法将参数 1 从“std::unique_ptr<Potion,std::default_delete<Potion>>”转换为“const _Ty &”
          with
          [
              _Ty=Item *
          ]
              C:\Users\26803\source\repos\hmy-AI-bite\RPG_Project\RPG_Project\Monster.cpp(214,71):
              原因如下: 无法从“std::unique_ptr<Potion,std::default_delete<Potion>>”转换为“const _Ty”
          with
          [
              _Ty=Item *
          ]
              C:\Users\26803\source\repos\hmy-AI-bite\RPG_Project\RPG_Project\Monster.cpp(214,71):
              没有可用于执行该转换的用户定义的转换运算符，或者无法调用该运算符
      C:\Users\26803\source\repos\hmy-AI-bite\RPG_Project\RPG_Project\Monster.cpp(214,34):
      尝试匹配参数列表“(std::unique_ptr<Potion,std::default_delete<Potion>>)”时
  
C:\Users\26803\source\repos\hmy-AI-bite\RPG_Project\RPG_Project\Monster.cpp(215,34): error C2665: “std::vector<Item *,std::allocator<Item *>>::push_back”: 没有重载函数可以转换所有参数类型 [C:\Users\26803\source\repos\hmy-AI-bite\RPG_Project\RPG_Project\RPG_Project.vcxproj]
      C:\Program Files\Microsoft Visual Studio\18\Community\VC\Tools\MSVC\14.51.36231\include\vector(939,23):
      可能是“void std::vector<Item *,std::allocator<Item *>>::push_back(_Ty &&)”
          with
          [
              _Ty=Item *
          ]
          C:\Users\26803\source\repos\hmy-AI-bite\RPG_Project\RPG_Project\Monster.cpp(215,34):
          “void std::vector<Item *,std::allocator<Item *>>::push_back(_Ty &&)”: 无法将参数 1 从“std::unique_ptr<Weapon,std::default_delete<Weapon>>”转换为“_Ty &&”
          with
          [
              _Ty=Item *
          ]
              C:\Users\26803\source\repos\hmy-AI-bite\RPG_Project\RPG_Project\Monster.cpp(215,63):
              原因如下: 无法从“std::unique_ptr<Weapon,std::default_delete<Weapon>>”转换为“_Ty”
          with
          [
              _Ty=Item *
          ]
              C:\Users\26803\source\repos\hmy-AI-bite\RPG_Project\RPG_Project\Monster.cpp(215,63):
              没有可用于执行该转换的用户定义的转换运算符，或者无法调用该运算符
      C:\Program Files\Microsoft Visual Studio\18\Community\VC\Tools\MSVC\14.51.36231\include\vector(935,23):
      或    “void std::vector<Item *,std::allocator<Item *>>::push_back(const _Ty &)”
          with
          [
              _Ty=Item *
          ]
          C:\Users\26803\source\repos\hmy-AI-bite\RPG_Project\RPG_Project\Monster.cpp(215,34):
          “void std::vector<Item *,std::allocator<Item *>>::push_back(const _Ty &)”: 无法将参数 1 从“std::unique_ptr<Weapon,std::default_delete<Weapon>>”转换为“const _Ty &”
          with
          [
              _Ty=Item *
          ]
              C:\Users\26803\source\repos\hmy-AI-bite\RPG_Project\RPG_Project\Monster.cpp(215,63):
              原因如下: 无法从“std::unique_ptr<Weapon,std::default_delete<Weapon>>”转换为“const _Ty”
          with
          [
              _Ty=Item *
          ]
              C:\Users\26803\source\repos\hmy-AI-bite\RPG_Project\RPG_Project\Monster.cpp(215,63):
              没有可用于执行该转换的用户定义的转换运算符，或者无法调用该运算符
      C:\Users\26803\source\repos\hmy-AI-bite\RPG_Project\RPG_Project\Monster.cpp(215,34):
      尝试匹配参数列表“(std::unique_ptr<Weapon,std::default_delete<Weapon>>)”时
  
C:\Users\26803\source\repos\hmy-AI-bite\RPG_Project\RPG_Project\Monster.cpp(266,11): error C2665: “std::vector<Item *,std::allocator<Item *>>::push_back”: 没有重载函数可以转换所有参数类型 [C:\Users\26803\source\repos\hmy-AI-bite\RPG_Project\RPG_Project\RPG_Project.vcxproj]
      C:\Program Files\Microsoft Visual Studio\18\Community\VC\Tools\MSVC\14.51.36231\include\vector(939,23):
      可能是“void std::vector<Item *,std::allocator<Item *>>::push_back(_Ty &&)”
          with
          [
              _Ty=Item *
          ]
          C:\Users\26803\source\repos\hmy-AI-bite\RPG_Project\RPG_Project\Monster.cpp(266,11):
          “void std::vector<Item *,std::allocator<Item *>>::push_back(_Ty &&)”: 无法将参数 1 从“std::unique_ptr<Weapon,std::default_delete<Weapon>>”转换为“_Ty &&”
          with
          [
              _Ty=Item *
          ]
              C:\Users\26803\source\repos\hmy-AI-bite\RPG_Project\RPG_Project\Monster.cpp(266,45):
              原因如下: 无法从“std::unique_ptr<Weapon,std::default_delete<Weapon>>”转换为“_Ty”
          with
          [
              _Ty=Item *
          ]
              C:\Users\26803\source\repos\hmy-AI-bite\RPG_Project\RPG_Project\Monster.cpp(266,45):
              没有可用于执行该转换的用户定义的转换运算符，或者无法调用该运算符
      C:\Program Files\Microsoft Visual Studio\18\Community\VC\Tools\MSVC\14.51.36231\include\vector(935,23):
      或    “void std::vector<Item *,std::allocator<Item *>>::push_back(const _Ty &)”
          with
          [
              _Ty=Item *
          ]
          C:\Users\26803\source\repos\hmy-AI-bite\RPG_Project\RPG_Project\Monster.cpp(266,11):
          “void std::vector<Item *,std::allocator<Item *>>::push_back(const _Ty &)”: 无法将参数 1 从“std::unique_ptr<Weapon,std::default_delete<Weapon>>”转换为“const _Ty &”
          with
          [
              _Ty=Item *
          ]
              C:\Users\26803\source\repos\hmy-AI-bite\RPG_Project\RPG_Project\Monster.cpp(266,45):
              原因如下: 无法从“std::unique_ptr<Weapon,std::default_delete<Weapon>>”转换为“const _Ty”
          with
          [
              _Ty=Item *
          ]
              C:\Users\26803\source\repos\hmy-AI-bite\RPG_Project\RPG_Project\Monster.cpp(266,45):
              没有可用于执行该转换的用户定义的转换运算符，或者无法调用该运算符
      C:\Users\26803\source\repos\hmy-AI-bite\RPG_Project\RPG_Project\Monster.cpp(266,11):
      尝试匹配参数列表“(std::unique_ptr<Weapon,std::default_delete<Weapon>>)”时
  
C:\Users\26803\source\repos\hmy-AI-bite\RPG_Project\RPG_Project\Monster.cpp(267,11): error C2665: “std::vector<Item *,std::allocator<Item *>>::push_back”: 没有重载函数可以转换所有参数类型 [C:\Users\26803\source\repos\hmy-AI-bite\RPG_Project\RPG_Project\RPG_Project.vcxproj]
      C:\Program Files\Microsoft Visual Studio\18\Community\VC\Tools\MSVC\14.51.36231\include\vector(939,23):
      可能是“void std::vector<Item *,std::allocator<Item *>>::push_back(_Ty &&)”
          with
          [
              _Ty=Item *
          ]
          C:\Users\26803\source\repos\hmy-AI-bite\RPG_Project\RPG_Project\Monster.cpp(267,11):
          “void std::vector<Item *,std::allocator<Item *>>::push_back(_Ty &&)”: 无法将参数 1 从“std::unique_ptr<Potion,std::default_delete<Potion>>”转换为“_Ty &&”
          with
          [
              _Ty=Item *
          ]
              C:\Users\26803\source\repos\hmy-AI-bite\RPG_Project\RPG_Project\Monster.cpp(267,48):
              原因如下: 无法从“std::unique_ptr<Potion,std::default_delete<Potion>>”转换为“_Ty”
          with
          [
              _Ty=Item *
          ]
              C:\Users\26803\source\repos\hmy-AI-bite\RPG_Project\RPG_Project\Monster.cpp(267,48):
              没有可用于执行该转换的用户定义的转换运算符，或者无法调用该运算符
      C:\Program Files\Microsoft Visual Studio\18\Community\VC\Tools\MSVC\14.51.36231\include\vector(935,23):
      或    “void std::vector<Item *,std::allocator<Item *>>::push_back(const _Ty &)”
          with
          [
              _Ty=Item *
          ]
          C:\Users\26803\source\repos\hmy-AI-bite\RPG_Project\RPG_Project\Monster.cpp(267,11):
          “void std::vector<Item *,std::allocator<Item *>>::push_back(const _Ty &)”: 无法将参数 1 从“std::unique_ptr<Potion,std::default_delete<Potion>>”转换为“const _Ty &”
          with
          [
              _Ty=Item *
          ]
              C:\Users\26803\source\repos\hmy-AI-bite\RPG_Project\RPG_Project\Monster.cpp(267,48):
              原因如下: 无法从“std::unique_ptr<Potion,std::default_delete<Potion>>”转换为“const _Ty”
          with
          [
              _Ty=Item *
          ]
              C:\Users\26803\source\repos\hmy-AI-bite\RPG_Project\RPG_Project\Monster.cpp(267,48):
              没有可用于执行该转换的用户定义的转换运算符，或者无法调用该运算符
      C:\Users\26803\source\repos\hmy-AI-bite\RPG_Project\RPG_Project\Monster.cpp(267,11):
      尝试匹配参数列表“(std::unique_ptr<Potion,std::default_delete<Potion>>)”时
  
C:\Users\26803\source\repos\hmy-AI-bite\RPG_Project\RPG_Project\Monster.cpp(268,34): error C2665: “std::vector<Item *,std::allocator<Item *>>::push_back”: 没有重载函数可以转换所有参数类型 [C:\Users\26803\source\repos\hmy-AI-bite\RPG_Project\RPG_Project\RPG_Project.vcxproj]
      C:\Program Files\Microsoft Visual Studio\18\Community\VC\Tools\MSVC\14.51.36231\include\vector(939,23):
      可能是“void std::vector<Item *,std::allocator<Item *>>::push_back(_Ty &&)”
          with
          [
              _Ty=Item *
          ]
          C:\Users\26803\source\repos\hmy-AI-bite\RPG_Project\RPG_Project\Monster.cpp(268,34):
          “void std::vector<Item *,std::allocator<Item *>>::push_back(_Ty &&)”: 无法将参数 1 从“std::unique_ptr<Weapon,std::default_delete<Weapon>>”转换为“_Ty &&”
          with
          [
              _Ty=Item *
          ]
              C:\Users\26803\source\repos\hmy-AI-bite\RPG_Project\RPG_Project\Monster.cpp(268,64):
              原因如下: 无法从“std::unique_ptr<Weapon,std::default_delete<Weapon>>”转换为“_Ty”
          with
          [
              _Ty=Item *
          ]
              C:\Users\26803\source\repos\hmy-AI-bite\RPG_Project\RPG_Project\Monster.cpp(268,64):
              没有可用于执行该转换的用户定义的转换运算符，或者无法调用该运算符
      C:\Program Files\Microsoft Visual Studio\18\Community\VC\Tools\MSVC\14.51.36231\include\vector(935,23):
      或    “void std::vector<Item *,std::allocator<Item *>>::push_back(const _Ty &)”
          with
          [
              _Ty=Item *
          ]
          C:\Users\26803\source\repos\hmy-AI-bite\RPG_Project\RPG_Project\Monster.cpp(268,34):
          “void std::vector<Item *,std::allocator<Item *>>::push_back(const _Ty &)”: 无法将参数 1 从“std::unique_ptr<Weapon,std::default_delete<Weapon>>”转换为“const _Ty &”
          with
          [
              _Ty=Item *
          ]
              C:\Users\26803\source\repos\hmy-AI-bite\RPG_Project\RPG_Project\Monster.cpp(268,64):
              原因如下: 无法从“std::unique_ptr<Weapon,std::default_delete<Weapon>>”转换为“const _Ty”
          with
          [
              _Ty=Item *
          ]
              C:\Users\26803\source\repos\hmy-AI-bite\RPG_Project\RPG_Project\Monster.cpp(268,64):
              没有可用于执行该转换的用户定义的转换运算符，或者无法调用该运算符
      C:\Users\26803\source\repos\hmy-AI-bite\RPG_Project\RPG_Project\Monster.cpp(268,34):
      尝试匹配参数列表“(std::unique_ptr<Weapon,std::default_delete<Weapon>>)”时
  
  TestManager.cpp
C:\Users\26803\source\repos\hmy-AI-bite\RPG_Project\RPG_Project\TestManager.cpp(322,44): error C2065: “FireLizard”: 未声明的标识符 [C:\Users\26803\source\repos\hmy-AI-bite\RPG_Project\RPG_Project\RPG_Project.vcxproj]
C:\Users\26803\source\repos\hmy-AI-bite\RPG_Project\RPG_Project\TestManager.cpp(322,32): error C2672: “std::make_shared”: 未找到匹配的重载函数 [C:\Users\26803\source\repos\hmy-AI-bite\RPG_Project\RPG_Project\RPG_Project.vcxproj]
      C:\Program Files\Microsoft Visual Studio\18\Community\VC\Tools\MSVC\14.51.36231\include\memory(2999,44):
      可能是“std::shared_ptr<_Ty> std::make_shared(const remove_extent<_Ty>::type &)”
          C:\Users\26803\source\repos\hmy-AI-bite\RPG_Project\RPG_Project\TestManager.cpp(322,44):
          “std::make_shared”:“_Ty”的 模板 参数无效，应为类型
      C:\Program Files\Microsoft Visual Studio\18\Community\VC\Tools\MSVC\14.51.36231\include\memory(2990,44):
      或    “std::shared_ptr<_Ty> std::make_shared(void)”
          C:\Users\26803\source\repos\hmy-AI-bite\RPG_Project\RPG_Project\TestManager.cpp(322,44):
          “std::make_shared”:“_Ty”的 模板 参数无效，应为类型
      C:\Program Files\Microsoft Visual Studio\18\Community\VC\Tools\MSVC\14.51.36231\include\memory(2985,44):
      或    “std::shared_ptr<_Ty> std::make_shared(const size_t,const remove_extent<_Ty>::type &)”
          C:\Users\26803\source\repos\hmy-AI-bite\RPG_Project\RPG_Project\TestManager.cpp(322,44):
          “std::make_shared”:“_Ty”的 模板 参数无效，应为类型
      C:\Program Files\Microsoft Visual Studio\18\Community\VC\Tools\MSVC\14.51.36231\include\memory(2980,44):
      或    “std::shared_ptr<_Ty> std::make_shared(const size_t)”
          C:\Users\26803\source\repos\hmy-AI-bite\RPG_Project\RPG_Project\TestManager.cpp(322,44):
          “std::make_shared”:“_Ty”的 模板 参数无效，应为类型
      C:\Program Files\Microsoft Visual Studio\18\Community\VC\Tools\MSVC\14.51.36231\include\memory(2943,44):
      或    “std::shared_ptr<_Ty> std::make_shared(_Types ...)”
          C:\Users\26803\source\repos\hmy-AI-bite\RPG_Project\RPG_Project\TestManager.cpp(322,44):
          “std::make_shared”:“_Ty”的 模板 参数无效，应为类型
  
C:\Users\26803\source\repos\hmy-AI-bite\RPG_Project\RPG_Project\TestManager.cpp(324,27): error C3536: “fireLizard”: 初始化之前无法使用 [C:\Users\26803\source\repos\hmy-AI-bite\RPG_Project\RPG_Project\RPG_Project.vcxproj]
C:\Users\26803\source\repos\hmy-AI-bite\RPG_Project\RPG_Project\TestManager.cpp(346,33): error C2660: “Player::UseSkill”: 函数不接受 1 个参数 [C:\Users\26803\source\repos\hmy-AI-bite\RPG_Project\RPG_Project\RPG_Project.vcxproj]
      C:\Users\26803\source\repos\hmy-AI-bite\RPG_Project\RPG_Project\Character.h(216,16):
      参见“Player::UseSkill”的声明
      C:\Users\26803\source\repos\hmy-AI-bite\RPG_Project\RPG_Project\TestManager.cpp(346,33):
      尝试匹配参数列表“(int)”时
  
C:\Users\26803\source\repos\hmy-AI-bite\RPG_Project\RPG_Project\TestManager.cpp(492,44): error C2065: “WindSprite”: 未声明的标识符 [C:\Users\26803\source\repos\hmy-AI-bite\RPG_Project\RPG_Project\RPG_Project.vcxproj]
C:\Users\26803\source\repos\hmy-AI-bite\RPG_Project\RPG_Project\TestManager.cpp(492,32): error C2672: “std::make_shared”: 未找到匹配的重载函数 [C:\Users\26803\source\repos\hmy-AI-bite\RPG_Project\RPG_Project\RPG_Project.vcxproj]
      C:\Program Files\Microsoft Visual Studio\18\Community\VC\Tools\MSVC\14.51.36231\include\memory(2999,44):
      可能是“std::shared_ptr<_Ty> std::make_shared(const remove_extent<_Ty>::type &)”
          C:\Users\26803\source\repos\hmy-AI-bite\RPG_Project\RPG_Project\TestManager.cpp(492,44):
          “std::make_shared”:“_Ty”的 模板 参数无效，应为类型
      C:\Program Files\Microsoft Visual Studio\18\Community\VC\Tools\MSVC\14.51.36231\include\memory(2990,44):
      或    “std::shared_ptr<_Ty> std::make_shared(void)”
          C:\Users\26803\source\repos\hmy-AI-bite\RPG_Project\RPG_Project\TestManager.cpp(492,44):
          “std::make_shared”:“_Ty”的 模板 参数无效，应为类型
      C:\Program Files\Microsoft Visual Studio\18\Community\VC\Tools\MSVC\14.51.36231\include\memory(2985,44):
      或    “std::shared_ptr<_Ty> std::make_shared(const size_t,const remove_extent<_Ty>::type &)”
          C:\Users\26803\source\repos\hmy-AI-bite\RPG_Project\RPG_Project\TestManager.cpp(492,44):
          “std::make_shared”:“_Ty”的 模板 参数无效，应为类型
      C:\Program Files\Microsoft Visual Studio\18\Community\VC\Tools\MSVC\14.51.36231\include\memory(2980,44):
      或    “std::shared_ptr<_Ty> std::make_shared(const size_t)”
          C:\Users\26803\source\repos\hmy-AI-bite\RPG_Project\RPG_Project\TestManager.cpp(492,44):
          “std::make_shared”:“_Ty”的 模板 参数无效，应为类型
      C:\Program Files\Microsoft Visual Studio\18\Community\VC\Tools\MSVC\14.51.36231\include\memory(2943,44):
      或    “std::shared_ptr<_Ty> std::make_shared(_Types ...)”
          C:\Users\26803\source\repos\hmy-AI-bite\RPG_Project\RPG_Project\TestManager.cpp(492,44):
          “std::make_shared”:“_Ty”的 模板 参数无效，应为类型
  
C:\Users\26803\source\repos\hmy-AI-bite\RPG_Project\RPG_Project\TestManager.cpp(494,27): error C3536: “windSprite”: 初始化之前无法使用 [C:\Users\26803\source\repos\hmy-AI-bite\RPG_Project\RPG_Project\RPG_Project.vcxproj]
C:\Users\26803\source\repos\hmy-AI-bite\RPG_Project\RPG_Project\TestManager.cpp(520,31): error C2660: “Player::UseSkill”: 函数不接受 1 个参数 [C:\Users\26803\source\repos\hmy-AI-bite\RPG_Project\RPG_Project\RPG_Project.vcxproj]
      C:\Users\26803\source\repos\hmy-AI-bite\RPG_Project\RPG_Project\Character.h(216,16):
      参见“Player::UseSkill”的声明
      C:\Users\26803\source\repos\hmy-AI-bite\RPG_Project\RPG_Project\TestManager.cpp(520,31):
      尝试匹配参数列表“(int)”时
  
  正在生成代码...
已完成生成项目“C:\Users\26803\source\repos\hmy-AI-bite\RPG_Project\RPG_Project\RPG_Project.vcxproj”(默认目标)的操作 - 失败。
已完成生成项目“C:\Users\26803\source\repos\hmy-AI-bite\RPG_Project\RPG_Project.slnx”(Build 个目标)的操作 - 失败。

生成失败。

“C:\Users\26803\source\repos\hmy-AI-bite\RPG_Project\RPG_Project.slnx”(Build 目标) (1) ->
“C:\Users\26803\source\repos\hmy-AI-bite\RPG_Project\RPG_Project\RPG_Project.vcxproj”(默认目标) (2) ->
(ClCompile 目标) -> 
  C:\Users\26803\source\repos\hmy-AI-bite\RPG_Project\RPG_Project\BattleSystem.cpp(229,42): error C2065: “FireLizard”: 未声明的标识符 [C:\Users\26803\source\repos\hmy-AI-bite\RPG_Project\RPG_Project\RPG_Project.vcxproj]
  C:\Users\26803\source\repos\hmy-AI-bite\RPG_Project\RPG_Project\BattleSystem.cpp(229,30): error C2672: “std::make_shared”: 未找到匹配的重载函数 [C:\Users\26803\source\repos\hmy-AI-bite\RPG_Project\RPG_Project\RPG_Project.vcxproj]
  C:\Users\26803\source\repos\hmy-AI-bite\RPG_Project\RPG_Project\BattleSystem.cpp(230,42): error C2065: “WindSprite”: 未声明的标识符 [C:\Users\26803\source\repos\hmy-AI-bite\RPG_Project\RPG_Project\RPG_Project.vcxproj]
  C:\Users\26803\source\repos\hmy-AI-bite\RPG_Project\RPG_Project\BattleSystem.cpp(230,30): error C2672: “std::make_shared”: 未找到匹配的重载函数 [C:\Users\26803\source\repos\hmy-AI-bite\RPG_Project\RPG_Project\RPG_Project.vcxproj]
  C:\Users\26803\source\repos\hmy-AI-bite\RPG_Project\RPG_Project\GameManager.cpp(1197,47): error C2664: “void Inventory::AddItem(std::unique_ptr<Item,std::default_delete<Item>>)”: 无法将参数 1 从“Item *”转换为“std::unique_ptr<Item,std::default_delete<Item>>” [C:\Users\26803\source\repos\hmy-AI-bite\RPG_Project\RPG_Project\RPG_Project.vcxproj]
  C:\Users\26803\source\repos\hmy-AI-bite\RPG_Project\RPG_Project\main.cpp(18,17): error C2039: "ShowTitleScreen": 不是 "GameManager" 的成员 [C:\Users\26803\source\repos\hmy-AI-bite\RPG_Project\RPG_Project\RPG_Project.vcxproj]
  C:\Users\26803\source\repos\hmy-AI-bite\RPG_Project\RPG_Project\Monster.cpp(80,15): error C2665: “std::vector<Item *,std::allocator<Item *>>::push_back”: 没有重载函数可以转换所有参数类型 [C:\Users\26803\source\repos\hmy-AI-bite\RPG_Project\RPG_Project\RPG_Project.vcxproj]
  C:\Users\26803\source\repos\hmy-AI-bite\RPG_Project\RPG_Project\Monster.cpp(124,15): error C2665: “std::vector<Item *,std::allocator<Item *>>::push_back”: 没有重载函数可以转换所有参数类型 [C:\Users\26803\source\repos\hmy-AI-bite\RPG_Project\RPG_Project\RPG_Project.vcxproj]
  C:\Users\26803\source\repos\hmy-AI-bite\RPG_Project\RPG_Project\Monster.cpp(168,15): error C2665: “std::vector<Item *,std::allocator<Item *>>::push_back”: 没有重载函数可以转换所有参数类型 [C:\Users\26803\source\repos\hmy-AI-bite\RPG_Project\RPG_Project\RPG_Project.vcxproj]
  C:\Users\26803\source\repos\hmy-AI-bite\RPG_Project\RPG_Project\Monster.cpp(170,15): error C2665: “std::vector<Item *,std::allocator<Item *>>::push_back”: 没有重载函数可以转换所有参数类型 [C:\Users\26803\source\repos\hmy-AI-bite\RPG_Project\RPG_Project\RPG_Project.vcxproj]
  C:\Users\26803\source\repos\hmy-AI-bite\RPG_Project\RPG_Project\Monster.cpp(214,34): error C2665: “std::vector<Item *,std::allocator<Item *>>::push_back”: 没有重载函数可以转换所有参数类型 [C:\Users\26803\source\repos\hmy-AI-bite\RPG_Project\RPG_Project\RPG_Project.vcxproj]
  C:\Users\26803\source\repos\hmy-AI-bite\RPG_Project\RPG_Project\Monster.cpp(215,34): error C2665: “std::vector<Item *,std::allocator<Item *>>::push_back”: 没有重载函数可以转换所有参数类型 [C:\Users\26803\source\repos\hmy-AI-bite\RPG_Project\RPG_Project\RPG_Project.vcxproj]
  C:\Users\26803\source\repos\hmy-AI-bite\RPG_Project\RPG_Project\Monster.cpp(266,11): error C2665: “std::vector<Item *,std::allocator<Item *>>::push_back”: 没有重载函数可以转换所有参数类型 [C:\Users\26803\source\repos\hmy-AI-bite\RPG_Project\RPG_Project\RPG_Project.vcxproj]
  C:\Users\26803\source\repos\hmy-AI-bite\RPG_Project\RPG_Project\Monster.cpp(267,11): error C2665: “std::vector<Item *,std::allocator<Item *>>::push_back”: 没有重载函数可以转换所有参数类型 [C:\Users\26803\source\repos\hmy-AI-bite\RPG_Project\RPG_Project\RPG_Project.vcxproj]
  C:\Users\26803\source\repos\hmy-AI-bite\RPG_Project\RPG_Project\Monster.cpp(268,34): error C2665: “std::vector<Item *,std::allocator<Item *>>::push_back”: 没有重载函数可以转换所有参数类型 [C:\Users\26803\source\repos\hmy-AI-bite\RPG_Project\RPG_Project\RPG_Project.vcxproj]
  C:\Users\26803\source\repos\hmy-AI-bite\RPG_Project\RPG_Project\TestManager.cpp(322,44): error C2065: “FireLizard”: 未声明的标识符 [C:\Users\26803\source\repos\hmy-AI-bite\RPG_Project\RPG_Project\RPG_Project.vcxproj]
  C:\Users\26803\source\repos\hmy-AI-bite\RPG_Project\RPG_Project\TestManager.cpp(322,32): error C2672: “std::make_shared”: 未找到匹配的重载函数 [C:\Users\26803\source\repos\hmy-AI-bite\RPG_Project\RPG_Project\RPG_Project.vcxproj]
  C:\Users\26803\source\repos\hmy-AI-bite\RPG_Project\RPG_Project\TestManager.cpp(324,27): error C3536: “fireLizard”: 初始化之前无法使用 [C:\Users\26803\source\repos\hmy-AI-bite\RPG_Project\RPG_Project\RPG_Project.vcxproj]
  C:\Users\26803\source\repos\hmy-AI-bite\RPG_Project\RPG_Project\TestManager.cpp(346,33): error C2660: “Player::UseSkill”: 函数不接受 1 个参数 [C:\Users\26803\source\repos\hmy-AI-bite\RPG_Project\RPG_Project\RPG_Project.vcxproj]
  C:\Users\26803\source\repos\hmy-AI-bite\RPG_Project\RPG_Project\TestManager.cpp(492,44): error C2065: “WindSprite”: 未声明的标识符 [C:\Users\26803\source\repos\hmy-AI-bite\RPG_Project\RPG_Project\RPG_Project.vcxproj]
  C:\Users\26803\source\repos\hmy-AI-bite\RPG_Project\RPG_Project\TestManager.cpp(492,32): error C2672: “std::make_shared”: 未找到匹配的重载函数 [C:\Users\26803\source\repos\hmy-AI-bite\RPG_Project\RPG_Project\RPG_Project.vcxproj]
  C:\Users\26803\source\repos\hmy-AI-bite\RPG_Project\RPG_Project\TestManager.cpp(494,27): error C3536: “windSprite”: 初始化之前无法使用 [C:\Users\26803\source\repos\hmy-AI-bite\RPG_Project\RPG_Project\RPG_Project.vcxproj]
  C:\Users\26803\source\repos\hmy-AI-bite\RPG_Project\RPG_Project\TestManager.cpp(520,31): error C2660: “Player::UseSkill”: 函数不接受 1 个参数 [C:\Users\26803\source\repos\hmy-AI-bite\RPG_Project\RPG_Project\RPG_Project.vcxproj]

    0 个警告
    23 个错误

已用时间 00:00:02.86
